
CalculateBurnRateJob
  enqueues the job when a SalesLog is created (FAILED - 1)
[1;34mINFO [0m 2026-01-16T04:48:18.092Z pid=422 tid=4ie: Sidekiq 8.1.0 connecting to Redis with options {:size=>10, :pool_name=>"internal", :url=>nil}
  performs the calculation and broadcasts to ActionCable

Failures:

  1) CalculateBurnRateJob enqueues the job when a SalesLog is created
     Failure/Error:
       expect {
         create(:sales_log, product: product)
       }.to enqueue_job(CalculateBurnRateJob).with(product.id)

     StandardError:
       To use ActiveJob matchers set `ActiveJob::Base.queue_adapter = :test`
     # ./spec/jobs/calculate_burn_rate_job_spec.rb:11:in `block (2 levels) in <top (required)>'

Finished in 0.47536 seconds (files took 8.06 seconds to load)
2 examples, 1 failure

Failed examples:

rspec ./spec/jobs/calculate_burn_rate_job_spec.rb:8 # CalculateBurnRateJob enqueues the job when a SalesLog is created

